---
http_interactions:
- request:
    method: post
    uri: http://simpleisbm.assetricity.com/ChannelManagementService
    body:
      encoding: US-ASCII
      string: <?xml version="1.0" encoding="UTF-8"?><env:Envelope xmlns:xsd="http://www.w3.org/2001/XMLSchema" xmlns:xsi="http://www.w3.org/2001/XMLSchema-instance" xmlns:isbm="http://www.openoandm.org/ws-isbm/" xmlns:env="http://schemas.xmlsoap.org/soap/envelope/"><env:Body><isbm:CreateChannel><isbm:ChannelURI>Test</isbm:ChannelURI><isbm:ChannelType>Publication</isbm:ChannelType></isbm:CreateChannel></env:Body></env:Envelope>
    headers:
      Soapaction:
      - '"http://www.openoandm.org/ws-isbm/CreateChannel"'
      Content-Type:
      - text/xml;charset=UTF-8
      Content-Length:
      - '416'
      Accept:
      - '*/*'
      User-Agent:
      - Ruby
  response:
    status:
      code: 200
      message: OK
    headers:
      Server:
      - Apache-Coyote/1.1
      Content-Type:
      - text/xml;charset=utf-8
      Transfer-Encoding:
      - chunked
      Date:
      - Thu, 26 Jun 2014 23:35:54 GMT
    body:
      encoding: US-ASCII
      string: <?xml version='1.0' encoding='UTF-8'?><S:Envelope xmlns:S="http://schemas.xmlsoap.org/soap/envelope/"><S:Body><CreateChannelResponse xmlns="http://www.openoandm.org/ws-isbm/"/></S:Body></S:Envelope>
    http_version:
  recorded_at: Thu, 26 Jun 2014 23:35:54 GMT
- request:
    method: post
    uri: http://simpleisbm.assetricity.com/ProviderPublicationService
    body:
      encoding: US-ASCII
      string: <?xml version="1.0" encoding="UTF-8"?><env:Envelope xmlns:xsd="http://www.w3.org/2001/XMLSchema" xmlns:xsi="http://www.w3.org/2001/XMLSchema-instance" xmlns:isbm="http://www.openoandm.org/ws-isbm/" xmlns:env="http://schemas.xmlsoap.org/soap/envelope/"><env:Body><isbm:OpenPublicationSession><isbm:ChannelURI>Test</isbm:ChannelURI></isbm:OpenPublicationSession></env:Body></env:Envelope>
    headers:
      Soapaction:
      - '"http://www.openoandm.org/ws-isbm/OpenPublicationSession"'
      Content-Type:
      - text/xml;charset=UTF-8
      Content-Length:
      - '386'
      Accept:
      - '*/*'
      User-Agent:
      - Ruby
  response:
    status:
      code: 200
      message: OK
    headers:
      Server:
      - Apache-Coyote/1.1
      Content-Type:
      - text/xml;charset=utf-8
      Transfer-Encoding:
      - chunked
      Date:
      - Thu, 26 Jun 2014 23:35:54 GMT
    body:
      encoding: US-ASCII
      string: <?xml version='1.0' encoding='UTF-8'?><S:Envelope xmlns:S="http://schemas.xmlsoap.org/soap/envelope/"><S:Body><OpenPublicationSessionResponse xmlns="http://www.openoandm.org/ws-isbm/"><SessionID>7c07f7b6-369f-452b-be3e-b35ebabe1966</SessionID></OpenPublicationSessionResponse></S:Body></S:Envelope>
    http_version:
  recorded_at: Thu, 26 Jun 2014 23:35:54 GMT
- request:
    method: post
    uri: http://simpleisbm.assetricity.com/ProviderPublicationService
    body:
      encoding: US-ASCII
      string: |-
        <?xml version="1.0" encoding="UTF-8"?><env:Envelope xmlns:xsd="http://www.w3.org/2001/XMLSchema" xmlns:xsi="http://www.w3.org/2001/XMLSchema-instance" xmlns:isbm="http://www.openoandm.org/ws-isbm/" xmlns:env="http://schemas.xmlsoap.org/soap/envelope/"><env:Body><isbm:PostPublication><isbm:SessionID>7c07f7b6-369f-452b-be3e-b35ebabe1966</isbm:SessionID><isbm:MessageContent><CCOMData xmlns:xsi="http://www.w3.org/2001/XMLSchema-instance"
                  xmlns="http://www.mimosa.org/osa-eai/v3-2-3/xml/CCOM-ML">
          <Entity xsi:type="Asset">
            <GUID>C013C740-19F5-11E1-92B7-6B8E4824019B</GUID>
          </Entity>
        </CCOMData>
        </isbm:MessageContent><isbm:Topic>topic</isbm:Topic><isbm:Expiry></isbm:Expiry></isbm:PostPublication></env:Body></env:Envelope>
    headers:
      Soapaction:
      - '"http://www.openoandm.org/ws-isbm/PostPublication"'
      Content-Type:
      - text/xml;charset=UTF-8
      Content-Length:
      - '740'
      Accept:
      - '*/*'
      User-Agent:
      - Ruby
  response:
    status:
      code: 200
      message: OK
    headers:
      Server:
      - Apache-Coyote/1.1
      Content-Type:
      - text/xml;charset=utf-8
      Transfer-Encoding:
      - chunked
      Date:
      - Thu, 26 Jun 2014 23:35:54 GMT
    body:
      encoding: US-ASCII
      string: <?xml version='1.0' encoding='UTF-8'?><S:Envelope xmlns:S="http://schemas.xmlsoap.org/soap/envelope/"><S:Body><PostPublicationResponse xmlns="http://www.openoandm.org/ws-isbm/"><MessageID>9bb73e54-a59b-48dd-b162-1f1d66e0540f</MessageID></PostPublicationResponse></S:Body></S:Envelope>
    http_version:
  recorded_at: Thu, 26 Jun 2014 23:35:54 GMT
- request:
    method: post
    uri: http://simpleisbm.assetricity.com/ProviderPublicationService
    body:
      encoding: US-ASCII
      string: <?xml version="1.0" encoding="UTF-8"?><env:Envelope xmlns:xsd="http://www.w3.org/2001/XMLSchema" xmlns:xsi="http://www.w3.org/2001/XMLSchema-instance" xmlns:isbm="http://www.openoandm.org/ws-isbm/" xmlns:env="http://schemas.xmlsoap.org/soap/envelope/"><env:Body><isbm:ClosePublicationSession><isbm:SessionID>7c07f7b6-369f-452b-be3e-b35ebabe1966</isbm:SessionID></isbm:ClosePublicationSession></env:Body></env:Envelope>
    headers:
      Soapaction:
      - '"http://www.openoandm.org/ws-isbm/ClosePublicationSession"'
      Content-Type:
      - text/xml;charset=UTF-8
      Content-Length:
      - '418'
      Accept:
      - '*/*'
      User-Agent:
      - Ruby
  response:
    status:
      code: 200
      message: OK
    headers:
      Server:
      - Apache-Coyote/1.1
      Content-Type:
      - text/xml;charset=utf-8
      Transfer-Encoding:
      - chunked
      Date:
      - Thu, 26 Jun 2014 23:35:54 GMT
    body:
      encoding: US-ASCII
      string: <?xml version='1.0' encoding='UTF-8'?><S:Envelope xmlns:S="http://schemas.xmlsoap.org/soap/envelope/"><S:Body><ClosePublicationSessionResponse xmlns="http://www.openoandm.org/ws-isbm/"/></S:Body></S:Envelope>
    http_version:
  recorded_at: Thu, 26 Jun 2014 23:35:54 GMT
- request:
    method: post
    uri: http://simpleisbm.assetricity.com/ChannelManagementService
    body:
      encoding: US-ASCII
      string: <?xml version="1.0" encoding="UTF-8"?><env:Envelope xmlns:xsd="http://www.w3.org/2001/XMLSchema" xmlns:xsi="http://www.w3.org/2001/XMLSchema-instance" xmlns:isbm="http://www.openoandm.org/ws-isbm/" xmlns:env="http://schemas.xmlsoap.org/soap/envelope/"><env:Body><isbm:DeleteChannel><isbm:ChannelURI>Test</isbm:ChannelURI></isbm:DeleteChannel></env:Body></env:Envelope>
    headers:
      Soapaction:
      - '"http://www.openoandm.org/ws-isbm/DeleteChannel"'
      Content-Type:
      - text/xml;charset=UTF-8
      Content-Length:
      - '368'
      Accept:
      - '*/*'
      User-Agent:
      - Ruby
  response:
    status:
      code: 200
      message: OK
    headers:
      Server:
      - Apache-Coyote/1.1
      Content-Type:
      - text/xml;charset=utf-8
      Transfer-Encoding:
      - chunked
      Date:
      - Thu, 26 Jun 2014 23:35:54 GMT
    body:
      encoding: US-ASCII
      string: <?xml version='1.0' encoding='UTF-8'?><S:Envelope xmlns:S="http://schemas.xmlsoap.org/soap/envelope/"><S:Body><DeleteChannelResponse xmlns="http://www.openoandm.org/ws-isbm/"/></S:Body></S:Envelope>
    http_version:
  recorded_at: Thu, 26 Jun 2014 23:35:54 GMT
- request:
    method: post
    uri: http://simpleisbm.assetricity.com/ChannelManagementService
    body:
      encoding: US-ASCII
      string: <?xml version="1.0" encoding="UTF-8"?><env:Envelope xmlns:xsd="http://www.w3.org/2001/XMLSchema" xmlns:xsi="http://www.w3.org/2001/XMLSchema-instance" xmlns:isbm="http://www.openoandm.org/ws-isbm/" xmlns:env="http://schemas.xmlsoap.org/soap/envelope/"><env:Body><isbm:CreateChannel><isbm:ChannelURI>Test</isbm:ChannelURI><isbm:ChannelType>Publication</isbm:ChannelType></isbm:CreateChannel></env:Body></env:Envelope>
    headers:
      Soapaction:
      - '"http://www.openoandm.org/ws-isbm/CreateChannel"'
      Content-Type:
      - text/xml;charset=UTF-8
      Content-Length:
      - '416'
      Accept:
      - '*/*'
      User-Agent:
      - Ruby
  response:
    status:
      code: 200
      message: OK
    headers:
      Server:
      - Apache-Coyote/1.1
      Content-Type:
      - text/xml;charset=utf-8
      Transfer-Encoding:
      - chunked
      Date:
      - Thu, 26 Jun 2014 23:39:01 GMT
    body:
      encoding: US-ASCII
      string: <?xml version='1.0' encoding='UTF-8'?><S:Envelope xmlns:S="http://schemas.xmlsoap.org/soap/envelope/"><S:Body><CreateChannelResponse xmlns="http://www.openoandm.org/ws-isbm/"/></S:Body></S:Envelope>
    http_version:
  recorded_at: Thu, 26 Jun 2014 23:39:01 GMT
- request:
    method: post
    uri: http://simpleisbm.assetricity.com/ProviderPublicationService
    body:
      encoding: US-ASCII
      string: <?xml version="1.0" encoding="UTF-8"?><env:Envelope xmlns:xsd="http://www.w3.org/2001/XMLSchema" xmlns:xsi="http://www.w3.org/2001/XMLSchema-instance" xmlns:isbm="http://www.openoandm.org/ws-isbm/" xmlns:env="http://schemas.xmlsoap.org/soap/envelope/"><env:Body><isbm:OpenPublicationSession><isbm:ChannelURI>Test</isbm:ChannelURI></isbm:OpenPublicationSession></env:Body></env:Envelope>
    headers:
      Soapaction:
      - '"http://www.openoandm.org/ws-isbm/OpenPublicationSession"'
      Content-Type:
      - text/xml;charset=UTF-8
      Content-Length:
      - '386'
      Accept:
      - '*/*'
      User-Agent:
      - Ruby
  response:
    status:
      code: 200
      message: OK
    headers:
      Server:
      - Apache-Coyote/1.1
      Content-Type:
      - text/xml;charset=utf-8
      Transfer-Encoding:
      - chunked
      Date:
      - Thu, 26 Jun 2014 23:39:01 GMT
    body:
      encoding: US-ASCII
      string: <?xml version='1.0' encoding='UTF-8'?><S:Envelope xmlns:S="http://schemas.xmlsoap.org/soap/envelope/"><S:Body><OpenPublicationSessionResponse xmlns="http://www.openoandm.org/ws-isbm/"><SessionID>b6d91532-c1af-4868-85d7-e0ae6d35dbed</SessionID></OpenPublicationSessionResponse></S:Body></S:Envelope>
    http_version:
  recorded_at: Thu, 26 Jun 2014 23:39:01 GMT
- request:
    method: post
    uri: http://simpleisbm.assetricity.com/ProviderPublicationService
    body:
      encoding: US-ASCII
      string: |-
        <?xml version="1.0" encoding="UTF-8"?><env:Envelope xmlns:xsd="http://www.w3.org/2001/XMLSchema" xmlns:xsi="http://www.w3.org/2001/XMLSchema-instance" xmlns:isbm="http://www.openoandm.org/ws-isbm/" xmlns:env="http://schemas.xmlsoap.org/soap/envelope/"><env:Body><isbm:PostPublication><isbm:SessionID>b6d91532-c1af-4868-85d7-e0ae6d35dbed</isbm:SessionID><isbm:MessageContent><CCOMData xmlns:xsi="http://www.w3.org/2001/XMLSchema-instance"
                  xmlns="http://www.mimosa.org/osa-eai/v3-2-3/xml/CCOM-ML">
          <Entity xsi:type="Asset">
            <GUID>C013C740-19F5-11E1-92B7-6B8E4824019B</GUID>
          </Entity>
        </CCOMData>
        </isbm:MessageContent><isbm:Topic>topic</isbm:Topic><isbm:Expiry></isbm:Expiry></isbm:PostPublication></env:Body></env:Envelope>
    headers:
      Soapaction:
      - '"http://www.openoandm.org/ws-isbm/PostPublication"'
      Content-Type:
      - text/xml;charset=UTF-8
      Content-Length:
      - '740'
      Accept:
      - '*/*'
      User-Agent:
      - Ruby
  response:
    status:
      code: 200
      message: OK
    headers:
      Server:
      - Apache-Coyote/1.1
      Content-Type:
      - text/xml;charset=utf-8
      Transfer-Encoding:
      - chunked
      Date:
      - Thu, 26 Jun 2014 23:39:01 GMT
    body:
      encoding: US-ASCII
      string: <?xml version='1.0' encoding='UTF-8'?><S:Envelope xmlns:S="http://schemas.xmlsoap.org/soap/envelope/"><S:Body><PostPublicationResponse xmlns="http://www.openoandm.org/ws-isbm/"><MessageID>b5654918-42f4-41e9-8669-8bd5ef359157</MessageID></PostPublicationResponse></S:Body></S:Envelope>
    http_version:
  recorded_at: Thu, 26 Jun 2014 23:39:01 GMT
- request:
    method: post
    uri: http://simpleisbm.assetricity.com/ProviderPublicationService
    body:
      encoding: US-ASCII
      string: <?xml version="1.0" encoding="UTF-8"?><env:Envelope xmlns:xsd="http://www.w3.org/2001/XMLSchema" xmlns:xsi="http://www.w3.org/2001/XMLSchema-instance" xmlns:isbm="http://www.openoandm.org/ws-isbm/" xmlns:env="http://schemas.xmlsoap.org/soap/envelope/"><env:Body><isbm:ClosePublicationSession><isbm:SessionID>b6d91532-c1af-4868-85d7-e0ae6d35dbed</isbm:SessionID></isbm:ClosePublicationSession></env:Body></env:Envelope>
    headers:
      Soapaction:
      - '"http://www.openoandm.org/ws-isbm/ClosePublicationSession"'
      Content-Type:
      - text/xml;charset=UTF-8
      Content-Length:
      - '418'
      Accept:
      - '*/*'
      User-Agent:
      - Ruby
  response:
    status:
      code: 200
      message: OK
    headers:
      Server:
      - Apache-Coyote/1.1
      Content-Type:
      - text/xml;charset=utf-8
      Transfer-Encoding:
      - chunked
      Date:
      - Thu, 26 Jun 2014 23:39:01 GMT
    body:
      encoding: US-ASCII
      string: <?xml version='1.0' encoding='UTF-8'?><S:Envelope xmlns:S="http://schemas.xmlsoap.org/soap/envelope/"><S:Body><ClosePublicationSessionResponse xmlns="http://www.openoandm.org/ws-isbm/"/></S:Body></S:Envelope>
    http_version:
  recorded_at: Thu, 26 Jun 2014 23:39:02 GMT
- request:
    method: post
    uri: http://simpleisbm.assetricity.com/ChannelManagementService
    body:
      encoding: US-ASCII
      string: <?xml version="1.0" encoding="UTF-8"?><env:Envelope xmlns:xsd="http://www.w3.org/2001/XMLSchema" xmlns:xsi="http://www.w3.org/2001/XMLSchema-instance" xmlns:isbm="http://www.openoandm.org/ws-isbm/" xmlns:env="http://schemas.xmlsoap.org/soap/envelope/"><env:Body><isbm:DeleteChannel><isbm:ChannelURI>Test</isbm:ChannelURI></isbm:DeleteChannel></env:Body></env:Envelope>
    headers:
      Soapaction:
      - '"http://www.openoandm.org/ws-isbm/DeleteChannel"'
      Content-Type:
      - text/xml;charset=UTF-8
      Content-Length:
      - '368'
      Accept:
      - '*/*'
      User-Agent:
      - Ruby
  response:
    status:
      code: 200
      message: OK
    headers:
      Server:
      - Apache-Coyote/1.1
      Content-Type:
      - text/xml;charset=utf-8
      Transfer-Encoding:
      - chunked
      Date:
      - Thu, 26 Jun 2014 23:39:01 GMT
    body:
      encoding: US-ASCII
      string: <?xml version='1.0' encoding='UTF-8'?><S:Envelope xmlns:S="http://schemas.xmlsoap.org/soap/envelope/"><S:Body><DeleteChannelResponse xmlns="http://www.openoandm.org/ws-isbm/"/></S:Body></S:Envelope>
    http_version:
  recorded_at: Thu, 26 Jun 2014 23:39:02 GMT
recorded_with: VCR 2.9.0
