---
http_interactions:
- request:
    method: post
    uri: http://simpleisbm.assetricity.com/ChannelManagementService
    body:
      encoding: US-ASCII
      string: <?xml version="1.0" encoding="UTF-8"?><env:Envelope xmlns:xsd="http://www.w3.org/2001/XMLSchema" xmlns:xsi="http://www.w3.org/2001/XMLSchema-instance" xmlns:isbm="http://www.openoandm.org/ws-isbm/" xmlns:env="http://schemas.xmlsoap.org/soap/envelope/"><env:Body><isbm:CreateChannel><isbm:ChannelURI>Test</isbm:ChannelURI><isbm:ChannelType>Publication</isbm:ChannelType></isbm:CreateChannel></env:Body></env:Envelope>
    headers:
      Soapaction:
      - '"http://www.openoandm.org/ws-isbm/CreateChannel"'
      Content-Type:
      - text/xml;charset=UTF-8
      Content-Length:
      - '416'
      Accept:
      - '*/*'
      User-Agent:
      - Ruby
  response:
    status:
      code: 200
      message: OK
    headers:
      Server:
      - Apache-Coyote/1.1
      Content-Type:
      - text/xml;charset=utf-8
      Transfer-Encoding:
      - chunked
      Date:
      - Thu, 26 Jun 2014 23:35:49 GMT
    body:
      encoding: US-ASCII
      string: <?xml version='1.0' encoding='UTF-8'?><S:Envelope xmlns:S="http://schemas.xmlsoap.org/soap/envelope/"><S:Body><CreateChannelResponse xmlns="http://www.openoandm.org/ws-isbm/"/></S:Body></S:Envelope>
    http_version:
  recorded_at: Thu, 26 Jun 2014 23:35:50 GMT
- request:
    method: post
    uri: http://simpleisbm.assetricity.com/ConsumerPublicationService
    body:
      encoding: US-ASCII
      string: <?xml version="1.0" encoding="UTF-8"?><env:Envelope xmlns:xsd="http://www.w3.org/2001/XMLSchema" xmlns:xsi="http://www.w3.org/2001/XMLSchema-instance" xmlns:isbm="http://www.openoandm.org/ws-isbm/" xmlns:env="http://schemas.xmlsoap.org/soap/envelope/"><env:Body><isbm:OpenSubscriptionSession><isbm:ChannelURI>Test</isbm:ChannelURI><isbm:Topic>topic</isbm:Topic></isbm:OpenSubscriptionSession></env:Body></env:Envelope>
    headers:
      Soapaction:
      - '"http://www.openoandm.org/ws-isbm/OpenSubscriptionSession"'
      Content-Type:
      - text/xml;charset=UTF-8
      Content-Length:
      - '418'
      Accept:
      - '*/*'
      User-Agent:
      - Ruby
  response:
    status:
      code: 200
      message: OK
    headers:
      Server:
      - Apache-Coyote/1.1
      Content-Type:
      - text/xml;charset=utf-8
      Transfer-Encoding:
      - chunked
      Date:
      - Thu, 26 Jun 2014 23:35:49 GMT
    body:
      encoding: US-ASCII
      string: <?xml version='1.0' encoding='UTF-8'?><S:Envelope xmlns:S="http://schemas.xmlsoap.org/soap/envelope/"><S:Body><OpenSubscriptionSessionResponse xmlns="http://www.openoandm.org/ws-isbm/"><SessionID>a7dd515b-6019-4ca2-9a84-f07df099ebc3</SessionID></OpenSubscriptionSessionResponse></S:Body></S:Envelope>
    http_version:
  recorded_at: Thu, 26 Jun 2014 23:35:50 GMT
- request:
    method: post
    uri: http://simpleisbm.assetricity.com/ProviderPublicationService
    body:
      encoding: US-ASCII
      string: <?xml version="1.0" encoding="UTF-8"?><env:Envelope xmlns:xsd="http://www.w3.org/2001/XMLSchema" xmlns:xsi="http://www.w3.org/2001/XMLSchema-instance" xmlns:isbm="http://www.openoandm.org/ws-isbm/" xmlns:env="http://schemas.xmlsoap.org/soap/envelope/"><env:Body><isbm:OpenPublicationSession><isbm:ChannelURI>Test</isbm:ChannelURI></isbm:OpenPublicationSession></env:Body></env:Envelope>
    headers:
      Soapaction:
      - '"http://www.openoandm.org/ws-isbm/OpenPublicationSession"'
      Content-Type:
      - text/xml;charset=UTF-8
      Content-Length:
      - '386'
      Accept:
      - '*/*'
      User-Agent:
      - Ruby
  response:
    status:
      code: 200
      message: OK
    headers:
      Server:
      - Apache-Coyote/1.1
      Content-Type:
      - text/xml;charset=utf-8
      Transfer-Encoding:
      - chunked
      Date:
      - Thu, 26 Jun 2014 23:35:49 GMT
    body:
      encoding: US-ASCII
      string: <?xml version='1.0' encoding='UTF-8'?><S:Envelope xmlns:S="http://schemas.xmlsoap.org/soap/envelope/"><S:Body><OpenPublicationSessionResponse xmlns="http://www.openoandm.org/ws-isbm/"><SessionID>dab07fac-ca40-4843-aa35-00acade034be</SessionID></OpenPublicationSessionResponse></S:Body></S:Envelope>
    http_version:
  recorded_at: Thu, 26 Jun 2014 23:35:50 GMT
- request:
    method: post
    uri: http://simpleisbm.assetricity.com/ProviderPublicationService
    body:
      encoding: US-ASCII
      string: |-
        <?xml version="1.0" encoding="UTF-8"?><env:Envelope xmlns:xsd="http://www.w3.org/2001/XMLSchema" xmlns:xsi="http://www.w3.org/2001/XMLSchema-instance" xmlns:isbm="http://www.openoandm.org/ws-isbm/" xmlns:env="http://schemas.xmlsoap.org/soap/envelope/"><env:Body><isbm:PostPublication><isbm:SessionID>dab07fac-ca40-4843-aa35-00acade034be</isbm:SessionID><isbm:MessageContent><CCOMData xmlns:xsi="http://www.w3.org/2001/XMLSchema-instance"
                  xmlns="http://www.mimosa.org/osa-eai/v3-2-3/xml/CCOM-ML">
          <Entity xsi:type="Asset">
            <GUID>C013C740-19F5-11E1-92B7-6B8E4824019B</GUID>
          </Entity>
        </CCOMData>
        </isbm:MessageContent><isbm:Topic>topic</isbm:Topic><isbm:Expiry></isbm:Expiry></isbm:PostPublication></env:Body></env:Envelope>
    headers:
      Soapaction:
      - '"http://www.openoandm.org/ws-isbm/PostPublication"'
      Content-Type:
      - text/xml;charset=UTF-8
      Content-Length:
      - '740'
      Accept:
      - '*/*'
      User-Agent:
      - Ruby
  response:
    status:
      code: 200
      message: OK
    headers:
      Server:
      - Apache-Coyote/1.1
      Content-Type:
      - text/xml;charset=utf-8
      Transfer-Encoding:
      - chunked
      Date:
      - Thu, 26 Jun 2014 23:35:49 GMT
    body:
      encoding: US-ASCII
      string: <?xml version='1.0' encoding='UTF-8'?><S:Envelope xmlns:S="http://schemas.xmlsoap.org/soap/envelope/"><S:Body><PostPublicationResponse xmlns="http://www.openoandm.org/ws-isbm/"><MessageID>779fd8b5-bb66-4fdc-a145-7279c6fcc711</MessageID></PostPublicationResponse></S:Body></S:Envelope>
    http_version:
  recorded_at: Thu, 26 Jun 2014 23:35:50 GMT
- request:
    method: post
    uri: http://simpleisbm.assetricity.com/ConsumerPublicationService
    body:
      encoding: US-ASCII
      string: <?xml version="1.0" encoding="UTF-8"?><env:Envelope xmlns:xsd="http://www.w3.org/2001/XMLSchema" xmlns:xsi="http://www.w3.org/2001/XMLSchema-instance" xmlns:isbm="http://www.openoandm.org/ws-isbm/" xmlns:env="http://schemas.xmlsoap.org/soap/envelope/"><env:Body><isbm:ReadPublication><isbm:SessionID>a7dd515b-6019-4ca2-9a84-f07df099ebc3</isbm:SessionID></isbm:ReadPublication></env:Body></env:Envelope>
    headers:
      Soapaction:
      - '"http://www.openoandm.org/ws-isbm/ReadPublication"'
      Content-Type:
      - text/xml;charset=UTF-8
      Content-Length:
      - '402'
      Accept:
      - '*/*'
      User-Agent:
      - Ruby
  response:
    status:
      code: 200
      message: OK
    headers:
      Server:
      - Apache-Coyote/1.1
      Content-Type:
      - text/xml;charset=utf-8
      Transfer-Encoding:
      - chunked
      Date:
      - Thu, 26 Jun 2014 23:35:49 GMT
    body:
      encoding: US-ASCII
      string: |-
        <?xml version='1.0' encoding='UTF-8'?><S:Envelope xmlns:S="http://schemas.xmlsoap.org/soap/envelope/"><S:Body><ReadPublicationResponse xmlns="http://www.openoandm.org/ws-isbm/"><PublicationMessage><MessageID>779fd8b5-bb66-4fdc-a145-7279c6fcc711</MessageID><MessageContent><CCOMData:CCOMData xmlns:CCOMData="http://www.mimosa.org/osa-eai/v3-2-3/xml/CCOM-ML" xmlns="http://www.mimosa.org/osa-eai/v3-2-3/xml/CCOM-ML" xmlns:isbm="http://www.openoandm.org/ws-isbm/" xmlns:xsi="http://www.w3.org/2001/XMLSchema-instance"><Entity xsi:type="Asset"><GUID>C013C740-19F5-11E1-92B7-6B8E4824019B</GUID>
          </Entity>
        </CCOMData:CCOMData></MessageContent><Topic>topic</Topic></PublicationMessage></ReadPublicationResponse></S:Body></S:Envelope>
    http_version:
  recorded_at: Thu, 26 Jun 2014 23:35:50 GMT
- request:
    method: post
    uri: http://simpleisbm.assetricity.com/ProviderPublicationService
    body:
      encoding: US-ASCII
      string: <?xml version="1.0" encoding="UTF-8"?><env:Envelope xmlns:xsd="http://www.w3.org/2001/XMLSchema" xmlns:xsi="http://www.w3.org/2001/XMLSchema-instance" xmlns:isbm="http://www.openoandm.org/ws-isbm/" xmlns:env="http://schemas.xmlsoap.org/soap/envelope/"><env:Body><isbm:ClosePublicationSession><isbm:SessionID>dab07fac-ca40-4843-aa35-00acade034be</isbm:SessionID></isbm:ClosePublicationSession></env:Body></env:Envelope>
    headers:
      Soapaction:
      - '"http://www.openoandm.org/ws-isbm/ClosePublicationSession"'
      Content-Type:
      - text/xml;charset=UTF-8
      Content-Length:
      - '418'
      Accept:
      - '*/*'
      User-Agent:
      - Ruby
  response:
    status:
      code: 200
      message: OK
    headers:
      Server:
      - Apache-Coyote/1.1
      Content-Type:
      - text/xml;charset=utf-8
      Transfer-Encoding:
      - chunked
      Date:
      - Thu, 26 Jun 2014 23:35:49 GMT
    body:
      encoding: US-ASCII
      string: <?xml version='1.0' encoding='UTF-8'?><S:Envelope xmlns:S="http://schemas.xmlsoap.org/soap/envelope/"><S:Body><ClosePublicationSessionResponse xmlns="http://www.openoandm.org/ws-isbm/"/></S:Body></S:Envelope>
    http_version:
  recorded_at: Thu, 26 Jun 2014 23:35:50 GMT
- request:
    method: post
    uri: http://simpleisbm.assetricity.com/ConsumerPublicationService
    body:
      encoding: US-ASCII
      string: <?xml version="1.0" encoding="UTF-8"?><env:Envelope xmlns:xsd="http://www.w3.org/2001/XMLSchema" xmlns:xsi="http://www.w3.org/2001/XMLSchema-instance" xmlns:isbm="http://www.openoandm.org/ws-isbm/" xmlns:env="http://schemas.xmlsoap.org/soap/envelope/"><env:Body><isbm:CloseSubscriptionSession><isbm:SessionID>a7dd515b-6019-4ca2-9a84-f07df099ebc3</isbm:SessionID></isbm:CloseSubscriptionSession></env:Body></env:Envelope>
    headers:
      Soapaction:
      - '"http://www.openoandm.org/ws-isbm/CloseSubscriptionSession"'
      Content-Type:
      - text/xml;charset=UTF-8
      Content-Length:
      - '420'
      Accept:
      - '*/*'
      User-Agent:
      - Ruby
  response:
    status:
      code: 200
      message: OK
    headers:
      Server:
      - Apache-Coyote/1.1
      Content-Type:
      - text/xml;charset=utf-8
      Transfer-Encoding:
      - chunked
      Date:
      - Thu, 26 Jun 2014 23:35:49 GMT
    body:
      encoding: US-ASCII
      string: <?xml version='1.0' encoding='UTF-8'?><S:Envelope xmlns:S="http://schemas.xmlsoap.org/soap/envelope/"><S:Body><CloseSubscriptionSessionResponse xmlns="http://www.openoandm.org/ws-isbm/"/></S:Body></S:Envelope>
    http_version:
  recorded_at: Thu, 26 Jun 2014 23:35:50 GMT
- request:
    method: post
    uri: http://simpleisbm.assetricity.com/ChannelManagementService
    body:
      encoding: US-ASCII
      string: <?xml version="1.0" encoding="UTF-8"?><env:Envelope xmlns:xsd="http://www.w3.org/2001/XMLSchema" xmlns:xsi="http://www.w3.org/2001/XMLSchema-instance" xmlns:isbm="http://www.openoandm.org/ws-isbm/" xmlns:env="http://schemas.xmlsoap.org/soap/envelope/"><env:Body><isbm:DeleteChannel><isbm:ChannelURI>Test</isbm:ChannelURI></isbm:DeleteChannel></env:Body></env:Envelope>
    headers:
      Soapaction:
      - '"http://www.openoandm.org/ws-isbm/DeleteChannel"'
      Content-Type:
      - text/xml;charset=UTF-8
      Content-Length:
      - '368'
      Accept:
      - '*/*'
      User-Agent:
      - Ruby
  response:
    status:
      code: 200
      message: OK
    headers:
      Server:
      - Apache-Coyote/1.1
      Content-Type:
      - text/xml;charset=utf-8
      Transfer-Encoding:
      - chunked
      Date:
      - Thu, 26 Jun 2014 23:35:49 GMT
    body:
      encoding: US-ASCII
      string: <?xml version='1.0' encoding='UTF-8'?><S:Envelope xmlns:S="http://schemas.xmlsoap.org/soap/envelope/"><S:Body><DeleteChannelResponse xmlns="http://www.openoandm.org/ws-isbm/"/></S:Body></S:Envelope>
    http_version:
  recorded_at: Thu, 26 Jun 2014 23:35:50 GMT
- request:
    method: post
    uri: http://simpleisbm.assetricity.com/ChannelManagementService
    body:
      encoding: US-ASCII
      string: <?xml version="1.0" encoding="UTF-8"?><env:Envelope xmlns:xsd="http://www.w3.org/2001/XMLSchema" xmlns:xsi="http://www.w3.org/2001/XMLSchema-instance" xmlns:isbm="http://www.openoandm.org/ws-isbm/" xmlns:env="http://schemas.xmlsoap.org/soap/envelope/"><env:Body><isbm:CreateChannel><isbm:ChannelURI>Test</isbm:ChannelURI><isbm:ChannelType>Publication</isbm:ChannelType></isbm:CreateChannel></env:Body></env:Envelope>
    headers:
      Soapaction:
      - '"http://www.openoandm.org/ws-isbm/CreateChannel"'
      Content-Type:
      - text/xml;charset=UTF-8
      Content-Length:
      - '416'
      Accept:
      - '*/*'
      User-Agent:
      - Ruby
  response:
    status:
      code: 200
      message: OK
    headers:
      Server:
      - Apache-Coyote/1.1
      Content-Type:
      - text/xml;charset=utf-8
      Transfer-Encoding:
      - chunked
      Date:
      - Thu, 26 Jun 2014 23:38:58 GMT
    body:
      encoding: US-ASCII
      string: <?xml version='1.0' encoding='UTF-8'?><S:Envelope xmlns:S="http://schemas.xmlsoap.org/soap/envelope/"><S:Body><CreateChannelResponse xmlns="http://www.openoandm.org/ws-isbm/"/></S:Body></S:Envelope>
    http_version:
  recorded_at: Thu, 26 Jun 2014 23:38:58 GMT
- request:
    method: post
    uri: http://simpleisbm.assetricity.com/ConsumerPublicationService
    body:
      encoding: US-ASCII
      string: <?xml version="1.0" encoding="UTF-8"?><env:Envelope xmlns:xsd="http://www.w3.org/2001/XMLSchema" xmlns:xsi="http://www.w3.org/2001/XMLSchema-instance" xmlns:isbm="http://www.openoandm.org/ws-isbm/" xmlns:env="http://schemas.xmlsoap.org/soap/envelope/"><env:Body><isbm:OpenSubscriptionSession><isbm:ChannelURI>Test</isbm:ChannelURI><isbm:Topic>topic</isbm:Topic></isbm:OpenSubscriptionSession></env:Body></env:Envelope>
    headers:
      Soapaction:
      - '"http://www.openoandm.org/ws-isbm/OpenSubscriptionSession"'
      Content-Type:
      - text/xml;charset=UTF-8
      Content-Length:
      - '418'
      Accept:
      - '*/*'
      User-Agent:
      - Ruby
  response:
    status:
      code: 200
      message: OK
    headers:
      Server:
      - Apache-Coyote/1.1
      Content-Type:
      - text/xml;charset=utf-8
      Transfer-Encoding:
      - chunked
      Date:
      - Thu, 26 Jun 2014 23:38:58 GMT
    body:
      encoding: US-ASCII
      string: <?xml version='1.0' encoding='UTF-8'?><S:Envelope xmlns:S="http://schemas.xmlsoap.org/soap/envelope/"><S:Body><OpenSubscriptionSessionResponse xmlns="http://www.openoandm.org/ws-isbm/"><SessionID>812cfca6-0d0c-4499-a873-7913d4a544a7</SessionID></OpenSubscriptionSessionResponse></S:Body></S:Envelope>
    http_version:
  recorded_at: Thu, 26 Jun 2014 23:38:58 GMT
- request:
    method: post
    uri: http://simpleisbm.assetricity.com/ProviderPublicationService
    body:
      encoding: US-ASCII
      string: <?xml version="1.0" encoding="UTF-8"?><env:Envelope xmlns:xsd="http://www.w3.org/2001/XMLSchema" xmlns:xsi="http://www.w3.org/2001/XMLSchema-instance" xmlns:isbm="http://www.openoandm.org/ws-isbm/" xmlns:env="http://schemas.xmlsoap.org/soap/envelope/"><env:Body><isbm:OpenPublicationSession><isbm:ChannelURI>Test</isbm:ChannelURI></isbm:OpenPublicationSession></env:Body></env:Envelope>
    headers:
      Soapaction:
      - '"http://www.openoandm.org/ws-isbm/OpenPublicationSession"'
      Content-Type:
      - text/xml;charset=UTF-8
      Content-Length:
      - '386'
      Accept:
      - '*/*'
      User-Agent:
      - Ruby
  response:
    status:
      code: 200
      message: OK
    headers:
      Server:
      - Apache-Coyote/1.1
      Content-Type:
      - text/xml;charset=utf-8
      Transfer-Encoding:
      - chunked
      Date:
      - Thu, 26 Jun 2014 23:38:58 GMT
    body:
      encoding: US-ASCII
      string: <?xml version='1.0' encoding='UTF-8'?><S:Envelope xmlns:S="http://schemas.xmlsoap.org/soap/envelope/"><S:Body><OpenPublicationSessionResponse xmlns="http://www.openoandm.org/ws-isbm/"><SessionID>d5c7d99f-b439-4ee2-90a1-31697373909e</SessionID></OpenPublicationSessionResponse></S:Body></S:Envelope>
    http_version:
  recorded_at: Thu, 26 Jun 2014 23:38:58 GMT
- request:
    method: post
    uri: http://simpleisbm.assetricity.com/ProviderPublicationService
    body:
      encoding: US-ASCII
      string: |-
        <?xml version="1.0" encoding="UTF-8"?><env:Envelope xmlns:xsd="http://www.w3.org/2001/XMLSchema" xmlns:xsi="http://www.w3.org/2001/XMLSchema-instance" xmlns:isbm="http://www.openoandm.org/ws-isbm/" xmlns:env="http://schemas.xmlsoap.org/soap/envelope/"><env:Body><isbm:PostPublication><isbm:SessionID>d5c7d99f-b439-4ee2-90a1-31697373909e</isbm:SessionID><isbm:MessageContent><CCOMData xmlns:xsi="http://www.w3.org/2001/XMLSchema-instance"
                  xmlns="http://www.mimosa.org/osa-eai/v3-2-3/xml/CCOM-ML">
          <Entity xsi:type="Asset">
            <GUID>C013C740-19F5-11E1-92B7-6B8E4824019B</GUID>
          </Entity>
        </CCOMData>
        </isbm:MessageContent><isbm:Topic>topic</isbm:Topic><isbm:Expiry></isbm:Expiry></isbm:PostPublication></env:Body></env:Envelope>
    headers:
      Soapaction:
      - '"http://www.openoandm.org/ws-isbm/PostPublication"'
      Content-Type:
      - text/xml;charset=UTF-8
      Content-Length:
      - '740'
      Accept:
      - '*/*'
      User-Agent:
      - Ruby
  response:
    status:
      code: 200
      message: OK
    headers:
      Server:
      - Apache-Coyote/1.1
      Content-Type:
      - text/xml;charset=utf-8
      Transfer-Encoding:
      - chunked
      Date:
      - Thu, 26 Jun 2014 23:38:58 GMT
    body:
      encoding: US-ASCII
      string: <?xml version='1.0' encoding='UTF-8'?><S:Envelope xmlns:S="http://schemas.xmlsoap.org/soap/envelope/"><S:Body><PostPublicationResponse xmlns="http://www.openoandm.org/ws-isbm/"><MessageID>a4fcd117-62d8-4507-8070-61f1b30d40c4</MessageID></PostPublicationResponse></S:Body></S:Envelope>
    http_version:
  recorded_at: Thu, 26 Jun 2014 23:38:58 GMT
- request:
    method: post
    uri: http://simpleisbm.assetricity.com/ConsumerPublicationService
    body:
      encoding: US-ASCII
      string: <?xml version="1.0" encoding="UTF-8"?><env:Envelope xmlns:xsd="http://www.w3.org/2001/XMLSchema" xmlns:xsi="http://www.w3.org/2001/XMLSchema-instance" xmlns:isbm="http://www.openoandm.org/ws-isbm/" xmlns:env="http://schemas.xmlsoap.org/soap/envelope/"><env:Body><isbm:ReadPublication><isbm:SessionID>812cfca6-0d0c-4499-a873-7913d4a544a7</isbm:SessionID></isbm:ReadPublication></env:Body></env:Envelope>
    headers:
      Soapaction:
      - '"http://www.openoandm.org/ws-isbm/ReadPublication"'
      Content-Type:
      - text/xml;charset=UTF-8
      Content-Length:
      - '402'
      Accept:
      - '*/*'
      User-Agent:
      - Ruby
  response:
    status:
      code: 200
      message: OK
    headers:
      Server:
      - Apache-Coyote/1.1
      Content-Type:
      - text/xml;charset=utf-8
      Transfer-Encoding:
      - chunked
      Date:
      - Thu, 26 Jun 2014 23:38:58 GMT
    body:
      encoding: US-ASCII
      string: |-
        <?xml version='1.0' encoding='UTF-8'?><S:Envelope xmlns:S="http://schemas.xmlsoap.org/soap/envelope/"><S:Body><ReadPublicationResponse xmlns="http://www.openoandm.org/ws-isbm/"><PublicationMessage><MessageID>a4fcd117-62d8-4507-8070-61f1b30d40c4</MessageID><MessageContent><CCOMData:CCOMData xmlns:CCOMData="http://www.mimosa.org/osa-eai/v3-2-3/xml/CCOM-ML" xmlns="http://www.mimosa.org/osa-eai/v3-2-3/xml/CCOM-ML" xmlns:isbm="http://www.openoandm.org/ws-isbm/" xmlns:xsi="http://www.w3.org/2001/XMLSchema-instance"><Entity xsi:type="Asset"><GUID>C013C740-19F5-11E1-92B7-6B8E4824019B</GUID>
          </Entity>
        </CCOMData:CCOMData></MessageContent><Topic>topic</Topic></PublicationMessage></ReadPublicationResponse></S:Body></S:Envelope>
    http_version:
  recorded_at: Thu, 26 Jun 2014 23:38:58 GMT
- request:
    method: post
    uri: http://simpleisbm.assetricity.com/ProviderPublicationService
    body:
      encoding: US-ASCII
      string: <?xml version="1.0" encoding="UTF-8"?><env:Envelope xmlns:xsd="http://www.w3.org/2001/XMLSchema" xmlns:xsi="http://www.w3.org/2001/XMLSchema-instance" xmlns:isbm="http://www.openoandm.org/ws-isbm/" xmlns:env="http://schemas.xmlsoap.org/soap/envelope/"><env:Body><isbm:ClosePublicationSession><isbm:SessionID>d5c7d99f-b439-4ee2-90a1-31697373909e</isbm:SessionID></isbm:ClosePublicationSession></env:Body></env:Envelope>
    headers:
      Soapaction:
      - '"http://www.openoandm.org/ws-isbm/ClosePublicationSession"'
      Content-Type:
      - text/xml;charset=UTF-8
      Content-Length:
      - '418'
      Accept:
      - '*/*'
      User-Agent:
      - Ruby
  response:
    status:
      code: 200
      message: OK
    headers:
      Server:
      - Apache-Coyote/1.1
      Content-Type:
      - text/xml;charset=utf-8
      Transfer-Encoding:
      - chunked
      Date:
      - Thu, 26 Jun 2014 23:38:58 GMT
    body:
      encoding: US-ASCII
      string: <?xml version='1.0' encoding='UTF-8'?><S:Envelope xmlns:S="http://schemas.xmlsoap.org/soap/envelope/"><S:Body><ClosePublicationSessionResponse xmlns="http://www.openoandm.org/ws-isbm/"/></S:Body></S:Envelope>
    http_version:
  recorded_at: Thu, 26 Jun 2014 23:38:58 GMT
- request:
    method: post
    uri: http://simpleisbm.assetricity.com/ConsumerPublicationService
    body:
      encoding: US-ASCII
      string: <?xml version="1.0" encoding="UTF-8"?><env:Envelope xmlns:xsd="http://www.w3.org/2001/XMLSchema" xmlns:xsi="http://www.w3.org/2001/XMLSchema-instance" xmlns:isbm="http://www.openoandm.org/ws-isbm/" xmlns:env="http://schemas.xmlsoap.org/soap/envelope/"><env:Body><isbm:CloseSubscriptionSession><isbm:SessionID>812cfca6-0d0c-4499-a873-7913d4a544a7</isbm:SessionID></isbm:CloseSubscriptionSession></env:Body></env:Envelope>
    headers:
      Soapaction:
      - '"http://www.openoandm.org/ws-isbm/CloseSubscriptionSession"'
      Content-Type:
      - text/xml;charset=UTF-8
      Content-Length:
      - '420'
      Accept:
      - '*/*'
      User-Agent:
      - Ruby
  response:
    status:
      code: 200
      message: OK
    headers:
      Server:
      - Apache-Coyote/1.1
      Content-Type:
      - text/xml;charset=utf-8
      Transfer-Encoding:
      - chunked
      Date:
      - Thu, 26 Jun 2014 23:38:58 GMT
    body:
      encoding: US-ASCII
      string: <?xml version='1.0' encoding='UTF-8'?><S:Envelope xmlns:S="http://schemas.xmlsoap.org/soap/envelope/"><S:Body><CloseSubscriptionSessionResponse xmlns="http://www.openoandm.org/ws-isbm/"/></S:Body></S:Envelope>
    http_version:
  recorded_at: Thu, 26 Jun 2014 23:38:58 GMT
- request:
    method: post
    uri: http://simpleisbm.assetricity.com/ChannelManagementService
    body:
      encoding: US-ASCII
      string: <?xml version="1.0" encoding="UTF-8"?><env:Envelope xmlns:xsd="http://www.w3.org/2001/XMLSchema" xmlns:xsi="http://www.w3.org/2001/XMLSchema-instance" xmlns:isbm="http://www.openoandm.org/ws-isbm/" xmlns:env="http://schemas.xmlsoap.org/soap/envelope/"><env:Body><isbm:DeleteChannel><isbm:ChannelURI>Test</isbm:ChannelURI></isbm:DeleteChannel></env:Body></env:Envelope>
    headers:
      Soapaction:
      - '"http://www.openoandm.org/ws-isbm/DeleteChannel"'
      Content-Type:
      - text/xml;charset=UTF-8
      Content-Length:
      - '368'
      Accept:
      - '*/*'
      User-Agent:
      - Ruby
  response:
    status:
      code: 200
      message: OK
    headers:
      Server:
      - Apache-Coyote/1.1
      Content-Type:
      - text/xml;charset=utf-8
      Transfer-Encoding:
      - chunked
      Date:
      - Thu, 26 Jun 2014 23:38:58 GMT
    body:
      encoding: US-ASCII
      string: <?xml version='1.0' encoding='UTF-8'?><S:Envelope xmlns:S="http://schemas.xmlsoap.org/soap/envelope/"><S:Body><DeleteChannelResponse xmlns="http://www.openoandm.org/ws-isbm/"/></S:Body></S:Envelope>
    http_version:
  recorded_at: Thu, 26 Jun 2014 23:38:58 GMT
recorded_with: VCR 2.9.0
