---
http_interactions:
- request:
    method: post
    uri: http://simpleisbm.assetricity.com/ChannelManagementService
    body:
      encoding: US-ASCII
      string: "<?xml version=\"1.0\" encoding=\"UTF-8\"?><env:Envelope xmlns:xsd=\"\
        http://www.w3.org/2001/XMLSchema\" xmlns:xsi=\"http://www.w3.org/2001/XMLSchema-instance\"\
        \ xmlns:isbm=\"http://www.openoandm.org/xml/ISBM/\" xmlns:env=\"http://schemas.xmlsoap.org/soap/envelope/\"\
        ><env:Body><isbm:CreateChannel><isbm:ChannelURI>Test</isbm:ChannelURI><isbm:ChannelType>Publication</isbm:ChannelType><isbm:ChannelDescription>description</isbm:ChannelDescription></isbm:CreateChannel></env:Body></env:Envelope>"
    headers:
      Soapaction:
      - "\"http://www.openoandm.org/xml/ISBM/CreateChannel\""
      Content-Type:
      - text/xml;charset=UTF-8
      Content-Length:
      - '479'
      Accept:
      - "*/*"
      User-Agent:
      - Ruby
  response:
    status:
      code: 200
      message: OK
    headers:
      Cache-Control:
      - private
      Content-Length:
      - '260'
      Content-Type:
      - text/xml; charset=utf-8
      Server:
      - Microsoft-IIS/7.5
      Set-Cookie:
      - ASP.NET_SessionId=hclx2awtzmzub1oinjxp1h2x; path=/; HttpOnly
      X-Aspnet-Version:
      - 4.0.30319
      X-Powered-By:
      - ASP.NET
      Date:
      - Thu, 10 Jan 2013 01:18:16 GMT
    body:
      encoding: US-ASCII
      string: "<s:Envelope xmlns:s=\"http://schemas.xmlsoap.org/soap/envelope/\"><s:Body\
        \ xmlns:xsi=\"http://www.w3.org/2001/XMLSchema-instance\" xmlns:xsd=\"http://www.w3.org/2001/XMLSchema\"\
        ><CreateChannelResponse xmlns=\"http://www.openoandm.org/xml/ISBM/\"/></s:Body></s:Envelope>"
    http_version:
  recorded_at: Thu, 10 Jan 2013 01:18:07 GMT
- request:
    method: post
    uri: http://simpleisbm.assetricity.com/ChannelManagementService
    body:
      encoding: US-ASCII
      string: "<?xml version=\"1.0\" encoding=\"UTF-8\"?><env:Envelope xmlns:xsd=\"\
        http://www.w3.org/2001/XMLSchema\" xmlns:xsi=\"http://www.w3.org/2001/XMLSchema-instance\"\
        \ xmlns:isbm=\"http://www.openoandm.org/xml/ISBM/\" xmlns:env=\"http://schemas.xmlsoap.org/soap/envelope/\"\
        ><env:Body><isbm:GetChannel><isbm:ChannelURI>Test</isbm:ChannelURI></isbm:GetChannel></env:Body></env:Envelope>"
    headers:
      Cookie:
      - ASP.NET_SessionId=hclx2awtzmzub1oinjxp1h2x
      Soapaction:
      - "\"http://www.openoandm.org/xml/ISBM/GetChannel\""
      Content-Type:
      - text/xml;charset=UTF-8
      Content-Length:
      - '363'
      Accept:
      - "*/*"
      User-Agent:
      - Ruby
  response:
    status:
      code: 200
      message: OK
    headers:
      Cache-Control:
      - private
      Content-Length:
      - '415'
      Content-Type:
      - text/xml; charset=utf-8
      Server:
      - Microsoft-IIS/7.5
      X-Aspnet-Version:
      - 4.0.30319
      X-Powered-By:
      - ASP.NET
      Date:
      - Thu, 10 Jan 2013 01:18:18 GMT
    body:
      encoding: US-ASCII
      string: "<s:Envelope xmlns:s=\"http://schemas.xmlsoap.org/soap/envelope/\"><s:Body\
        \ xmlns:xsi=\"http://www.w3.org/2001/XMLSchema-instance\" xmlns:xsd=\"http://www.w3.org/2001/XMLSchema\"\
        ><GetChannelResponse xmlns=\"http://www.openoandm.org/xml/ISBM/\"><Channel><ChannelURI>Test</ChannelURI><ChannelType>Publication</ChannelType><ChannelDescription>description</ChannelDescription></Channel></GetChannelResponse></s:Body></s:Envelope>"
    http_version:
  recorded_at: Thu, 10 Jan 2013 01:18:09 GMT
- request:
    method: post
    uri: http://simpleisbm.assetricity.com/ChannelManagementService
    body:
      encoding: US-ASCII
      string: "<?xml version=\"1.0\" encoding=\"UTF-8\"?><env:Envelope xmlns:xsd=\"\
        http://www.w3.org/2001/XMLSchema\" xmlns:xsi=\"http://www.w3.org/2001/XMLSchema-instance\"\
        \ xmlns:isbm=\"http://www.openoandm.org/xml/ISBM/\" xmlns:env=\"http://schemas.xmlsoap.org/soap/envelope/\"\
        ><env:Body><isbm:DeleteChannel><isbm:ChannelURI>Test</isbm:ChannelURI></isbm:DeleteChannel></env:Body></env:Envelope>"
    headers:
      Soapaction:
      - "\"http://www.openoandm.org/xml/ISBM/DeleteChannel\""
      Content-Type:
      - text/xml;charset=UTF-8
      Content-Length:
      - '369'
      Accept:
      - "*/*"
      User-Agent:
      - Ruby
  response:
    status:
      code: 200
      message: OK
    headers:
      Cache-Control:
      - private
      Content-Length:
      - '260'
      Content-Type:
      - text/xml; charset=utf-8
      Server:
      - Microsoft-IIS/7.5
      Set-Cookie:
      - ASP.NET_SessionId=zyjmvhguwifbp5jiumwqydsf; path=/; HttpOnly
      X-Aspnet-Version:
      - 4.0.30319
      X-Powered-By:
      - ASP.NET
      Date:
      - Thu, 10 Jan 2013 01:18:20 GMT
    body:
      encoding: US-ASCII
      string: "<s:Envelope xmlns:s=\"http://schemas.xmlsoap.org/soap/envelope/\"><s:Body\
        \ xmlns:xsi=\"http://www.w3.org/2001/XMLSchema-instance\" xmlns:xsd=\"http://www.w3.org/2001/XMLSchema\"\
        ><DeleteChannelResponse xmlns=\"http://www.openoandm.org/xml/ISBM/\"/></s:Body></s:Envelope>"
    http_version:
  recorded_at: Thu, 10 Jan 2013 01:18:11 GMT
recorded_with: VCR 2.4.0
